Obtaining file:///home/gleb/sboxU
  Installing build dependencies: started
  Installing build dependencies: finished with status 'done'
  Checking if build backend supports build_editable: started
  Checking if build backend supports build_editable: finished with status 'done'
  Getting requirements to build editable: started
  Getting requirements to build editable: finished with status 'done'
  Preparing editable metadata (pyproject.toml): started
  Preparing editable metadata (pyproject.toml): finished with status 'done'
Requirement already satisfied: pybtex in /mnt/sda1/miniconda3/lib/python3.13/site-packages (from sboxU==2.0) (0.26.1)
Requirement already satisfied: rich in /mnt/sda1/miniconda3/lib/python3.13/site-packages (from sboxU==2.0) (14.2.0)
Requirement already satisfied: sphinx-rtd-theme in /mnt/sda1/miniconda3/lib/python3.13/site-packages (from sboxU==2.0) (3.1.0)
Requirement already satisfied: latexcodec>=1.0.4 in /mnt/sda1/miniconda3/lib/python3.13/site-packages (from pybtex->sboxU==2.0) (3.0.1)
Requirement already satisfied: pyyaml>=3.01 in /mnt/sda1/miniconda3/lib/python3.13/site-packages (from pybtex->sboxU==2.0) (6.0.3)
Requirement already satisfied: markdown-it-py>=2.2.0 in /mnt/sda1/miniconda3/lib/python3.13/site-packages (from rich->sboxU==2.0) (4.0.0)
Requirement already satisfied: pygments<3.0.0,>=2.13.0 in /mnt/sda1/miniconda3/lib/python3.13/site-packages (from rich->sboxU==2.0) (2.19.1)
Requirement already satisfied: mdurl~=0.1 in /mnt/sda1/miniconda3/lib/python3.13/site-packages (from markdown-it-py>=2.2.0->rich->sboxU==2.0) (0.1.2)
Requirement already satisfied: sphinx<10,>=6 in /mnt/sda1/miniconda3/lib/python3.13/site-packages (from sphinx-rtd-theme->sboxU==2.0) (9.1.0)
Requirement already satisfied: docutils<0.23,>0.18 in /mnt/sda1/miniconda3/lib/python3.13/site-packages (from sphinx-rtd-theme->sboxU==2.0) (0.22.4)
Requirement already satisfied: sphinxcontrib-jquery<5,>=4 in /mnt/sda1/miniconda3/lib/python3.13/site-packages (from sphinx-rtd-theme->sboxU==2.0) (4.1)
Requirement already satisfied: sphinxcontrib-applehelp>=1.0.7 in /mnt/sda1/miniconda3/lib/python3.13/site-packages (from sphinx<10,>=6->sphinx-rtd-theme->sboxU==2.0) (2.0.0)
Requirement already satisfied: sphinxcontrib-devhelp>=1.0.6 in /mnt/sda1/miniconda3/lib/python3.13/site-packages (from sphinx<10,>=6->sphinx-rtd-theme->sboxU==2.0) (2.0.0)
Requirement already satisfied: sphinxcontrib-htmlhelp>=2.0.6 in /mnt/sda1/miniconda3/lib/python3.13/site-packages (from sphinx<10,>=6->sphinx-rtd-theme->sboxU==2.0) (2.1.0)
Requirement already satisfied: sphinxcontrib-jsmath>=1.0.1 in /mnt/sda1/miniconda3/lib/python3.13/site-packages (from sphinx<10,>=6->sphinx-rtd-theme->sboxU==2.0) (1.0.1)
Requirement already satisfied: sphinxcontrib-qthelp>=1.0.6 in /mnt/sda1/miniconda3/lib/python3.13/site-packages (from sphinx<10,>=6->sphinx-rtd-theme->sboxU==2.0) (2.0.0)
Requirement already satisfied: sphinxcontrib-serializinghtml>=1.1.9 in /mnt/sda1/miniconda3/lib/python3.13/site-packages (from sphinx<10,>=6->sphinx-rtd-theme->sboxU==2.0) (2.0.0)
Requirement already satisfied: Jinja2>=3.1 in /mnt/sda1/miniconda3/lib/python3.13/site-packages (from sphinx<10,>=6->sphinx-rtd-theme->sboxU==2.0) (3.1.6)
Requirement already satisfied: snowballstemmer>=2.2 in /mnt/sda1/miniconda3/lib/python3.13/site-packages (from sphinx<10,>=6->sphinx-rtd-theme->sboxU==2.0) (3.1.1)
Requirement already satisfied: babel>=2.13 in /mnt/sda1/miniconda3/lib/python3.13/site-packages (from sphinx<10,>=6->sphinx-rtd-theme->sboxU==2.0) (2.18.0)
Requirement already satisfied: alabaster>=0.7.14 in /mnt/sda1/miniconda3/lib/python3.13/site-packages (from sphinx<10,>=6->sphinx-rtd-theme->sboxU==2.0) (1.0.0)
Requirement already satisfied: imagesize>=1.3 in /mnt/sda1/miniconda3/lib/python3.13/site-packages (from sphinx<10,>=6->sphinx-rtd-theme->sboxU==2.0) (2.0.0)
Requirement already satisfied: requests>=2.30.0 in /mnt/sda1/miniconda3/lib/python3.13/site-packages (from sphinx<10,>=6->sphinx-rtd-theme->sboxU==2.0) (2.32.5)
Requirement already satisfied: roman-numerals>=1.0.0 in /mnt/sda1/miniconda3/lib/python3.13/site-packages (from sphinx<10,>=6->sphinx-rtd-theme->sboxU==2.0) (4.1.0)
Requirement already satisfied: packaging>=23.0 in /mnt/sda1/miniconda3/lib/python3.13/site-packages (from sphinx<10,>=6->sphinx-rtd-theme->sboxU==2.0) (25.0)
Requirement already satisfied: MarkupSafe>=2.0 in /mnt/sda1/miniconda3/lib/python3.13/site-packages (from Jinja2>=3.1->sphinx<10,>=6->sphinx-rtd-theme->sboxU==2.0) (3.0.3)
Requirement already satisfied: charset_normalizer<4,>=2 in /mnt/sda1/miniconda3/lib/python3.13/site-packages (from requests>=2.30.0->sphinx<10,>=6->sphinx-rtd-theme->sboxU==2.0) (3.3.2)
Requirement already satisfied: idna<4,>=2.5 in /mnt/sda1/miniconda3/lib/python3.13/site-packages (from requests>=2.30.0->sphinx<10,>=6->sphinx-rtd-theme->sboxU==2.0) (3.7)
Requirement already satisfied: urllib3<3,>=1.21.1 in /mnt/sda1/miniconda3/lib/python3.13/site-packages (from requests>=2.30.0->sphinx<10,>=6->sphinx-rtd-theme->sboxU==2.0) (2.6.3)
Requirement already satisfied: certifi>=2017.4.17 in /mnt/sda1/miniconda3/lib/python3.13/site-packages (from requests>=2.30.0->sphinx<10,>=6->sphinx-rtd-theme->sboxU==2.0) (2026.6.17)
Building wheels for collected packages: sboxU
  Building editable for sboxU (pyproject.toml): started
  Building editable for sboxU (pyproject.toml): finished with status 'error'
  error: subprocess-exited-with-error
  
  × Building editable for sboxU (pyproject.toml) did not run successfully.
  │ exit code: 1
  ╰─> [299 lines of output]
      running editable_wheel
      creating /tmp/pip-ephem-wheel-cache-yrgx0k_3/wheels/99/fc/91/ddcb386a8811999857d7c18370dc9d89d0f20198594496eaf4/tmplw4jpu3l/.tmp-5cprtj8c/sboxU.egg-info
      writing /tmp/pip-ephem-wheel-cache-yrgx0k_3/wheels/99/fc/91/ddcb386a8811999857d7c18370dc9d89d0f20198594496eaf4/tmplw4jpu3l/.tmp-5cprtj8c/sboxU.egg-info/PKG-INFO
      writing dependency_links to /tmp/pip-ephem-wheel-cache-yrgx0k_3/wheels/99/fc/91/ddcb386a8811999857d7c18370dc9d89d0f20198594496eaf4/tmplw4jpu3l/.tmp-5cprtj8c/sboxU.egg-info/dependency_links.txt
      writing entry points to /tmp/pip-ephem-wheel-cache-yrgx0k_3/wheels/99/fc/91/ddcb386a8811999857d7c18370dc9d89d0f20198594496eaf4/tmplw4jpu3l/.tmp-5cprtj8c/sboxU.egg-info/entry_points.txt
      writing requirements to /tmp/pip-ephem-wheel-cache-yrgx0k_3/wheels/99/fc/91/ddcb386a8811999857d7c18370dc9d89d0f20198594496eaf4/tmplw4jpu3l/.tmp-5cprtj8c/sboxU.egg-info/requires.txt
      writing top-level names to /tmp/pip-ephem-wheel-cache-yrgx0k_3/wheels/99/fc/91/ddcb386a8811999857d7c18370dc9d89d0f20198594496eaf4/tmplw4jpu3l/.tmp-5cprtj8c/sboxU.egg-info/top_level.txt
      writing manifest file '/tmp/pip-ephem-wheel-cache-yrgx0k_3/wheels/99/fc/91/ddcb386a8811999857d7c18370dc9d89d0f20198594496eaf4/tmplw4jpu3l/.tmp-5cprtj8c/sboxU.egg-info/SOURCES.txt'
      reading manifest file '/tmp/pip-ephem-wheel-cache-yrgx0k_3/wheels/99/fc/91/ddcb386a8811999857d7c18370dc9d89d0f20198594496eaf4/tmplw4jpu3l/.tmp-5cprtj8c/sboxU.egg-info/SOURCES.txt'
      adding license file 'LICENSE.md'
      writing manifest file '/tmp/pip-ephem-wheel-cache-yrgx0k_3/wheels/99/fc/91/ddcb386a8811999857d7c18370dc9d89d0f20198594496eaf4/tmplw4jpu3l/.tmp-5cprtj8c/sboxU.egg-info/SOURCES.txt'
      creating '/tmp/pip-ephem-wheel-cache-yrgx0k_3/wheels/99/fc/91/ddcb386a8811999857d7c18370dc9d89d0f20198594496eaf4/tmplw4jpu3l/.tmp-5cprtj8c/sboxu-2.0.dist-info'
      creating /tmp/pip-ephem-wheel-cache-yrgx0k_3/wheels/99/fc/91/ddcb386a8811999857d7c18370dc9d89d0f20198594496eaf4/tmplw4jpu3l/.tmp-5cprtj8c/sboxu-2.0.dist-info/WHEEL
      running build_py
      running build_ext
      building 'sboxU.core.f2functions.cython_functions' extension
      creating /tmp/tmp4is9fwt1.build-temp/sboxU/core/f2functions
      g++ -fno-strict-overflow -Wsign-compare -DNDEBUG -O2 -Wall -fPIC -O2 -isystem /mnt/sda1/miniconda3/include -fPIC -O2 -isystem /mnt/sda1/miniconda3/include -fPIC -IsboxU/core/f2functions -IsboxU/core/sbox -I/mnt/sda1/miniconda3/include/python3.13 -c sboxU/core/f2functions/cython_functions.cpp -o /tmp/tmp4is9fwt1.build-temp/sboxU/core/f2functions/cython_functions.o -O3 -march=native -std=c++20 -pthread -Wno-narrowing -w -flto -fopenmp
      creating /tmp/tmp9j0xqhsg.build-lib/sboxU/core/f2functions
      g++ -fno-strict-overflow -Wsign-compare -DNDEBUG -O2 -Wall -fPIC -O2 -isystem /mnt/sda1/miniconda3/include -fPIC -O2 -isystem /mnt/sda1/miniconda3/include -pthread -B /mnt/sda1/miniconda3/share/python_compiler_compat -shared -Wl,--allow-shlib-undefined -Wl,-rpath,/mnt/sda1/miniconda3/lib -Wl,-rpath-link,/mnt/sda1/miniconda3/lib -L/mnt/sda1/miniconda3/lib -Wl,--allow-shlib-undefined -Wl,-rpath,/mnt/sda1/miniconda3/lib -Wl,-rpath-link,/mnt/sda1/miniconda3/lib -L/mnt/sda1/miniconda3/lib /tmp/tmp4is9fwt1.build-temp/sboxU/core/f2functions/cython_functions.o -o /tmp/tmp9j0xqhsg.build-lib/sboxU/core/f2functions/cython_functions.cpython-313-x86_64-linux-gnu.so -fopenmp
      lto-wrapper: warning: using serial compilation of 2 LTRANS jobs
      lto-wrapper: note: see the '-flto' option documentation for more information
      building 'sboxU.core.spectrum.cython_functions' extension
      creating /tmp/tmp4is9fwt1.build-temp/sboxU/core/spectrum
      g++ -fno-strict-overflow -Wsign-compare -DNDEBUG -O2 -Wall -fPIC -O2 -isystem /mnt/sda1/miniconda3/include -fPIC -O2 -isystem /mnt/sda1/miniconda3/include -fPIC -IsboxU/core/spectrum -I/mnt/sda1/miniconda3/include/python3.13 -c sboxU/core/spectrum/cython_functions.cpp -o /tmp/tmp4is9fwt1.build-temp/sboxU/core/spectrum/cython_functions.o -O3 -march=native -std=c++20 -pthread -Wno-narrowing -w -flto -fopenmp
      creating /tmp/tmp9j0xqhsg.build-lib/sboxU/core/spectrum
      g++ -fno-strict-overflow -Wsign-compare -DNDEBUG -O2 -Wall -fPIC -O2 -isystem /mnt/sda1/miniconda3/include -fPIC -O2 -isystem /mnt/sda1/miniconda3/include -pthread -B /mnt/sda1/miniconda3/share/python_compiler_compat -shared -Wl,--allow-shlib-undefined -Wl,-rpath,/mnt/sda1/miniconda3/lib -Wl,-rpath-link,/mnt/sda1/miniconda3/lib -L/mnt/sda1/miniconda3/lib -Wl,--allow-shlib-undefined -Wl,-rpath,/mnt/sda1/miniconda3/lib -Wl,-rpath-link,/mnt/sda1/miniconda3/lib -L/mnt/sda1/miniconda3/lib /tmp/tmp4is9fwt1.build-temp/sboxU/core/spectrum/cython_functions.o -o /tmp/tmp9j0xqhsg.build-lib/sboxU/core/spectrum/cython_functions.cpython-313-x86_64-linux-gnu.so -fopenmp
      lto-wrapper: warning: using serial compilation of 2 LTRANS jobs
      lto-wrapper: note: see the '-flto' option documentation for more information
      building 'sboxU.core.sbox.cython_functions' extension
      creating /tmp/tmp4is9fwt1.build-temp/sboxU/core/sbox
      g++ -fno-strict-overflow -Wsign-compare -DNDEBUG -O2 -Wall -fPIC -O2 -isystem /mnt/sda1/miniconda3/include -fPIC -O2 -isystem /mnt/sda1/miniconda3/include -fPIC -IsboxU/core/sbox -IsboxU/core/f2functions -I/mnt/sda1/miniconda3/include/python3.13 -c sboxU/core/sbox/cython_functions.cpp -o /tmp/tmp4is9fwt1.build-temp/sboxU/core/sbox/cython_functions.o -O3 -march=native -std=c++20 -pthread -Wno-narrowing -w -flto -fopenmp
      creating /tmp/tmp9j0xqhsg.build-lib/sboxU/core/sbox
      g++ -fno-strict-overflow -Wsign-compare -DNDEBUG -O2 -Wall -fPIC -O2 -isystem /mnt/sda1/miniconda3/include -fPIC -O2 -isystem /mnt/sda1/miniconda3/include -pthread -B /mnt/sda1/miniconda3/share/python_compiler_compat -shared -Wl,--allow-shlib-undefined -Wl,-rpath,/mnt/sda1/miniconda3/lib -Wl,-rpath-link,/mnt/sda1/miniconda3/lib -L/mnt/sda1/miniconda3/lib -Wl,--allow-shlib-undefined -Wl,-rpath,/mnt/sda1/miniconda3/lib -Wl,-rpath-link,/mnt/sda1/miniconda3/lib -L/mnt/sda1/miniconda3/lib /tmp/tmp4is9fwt1.build-temp/sboxU/core/sbox/cython_functions.o -o /tmp/tmp9j0xqhsg.build-lib/sboxU/core/sbox/cython_functions.cpython-313-x86_64-linux-gnu.so -fopenmp
      lto-wrapper: warning: using serial compilation of 5 LTRANS jobs
      lto-wrapper: note: see the '-flto' option documentation for more information
      building 'sboxU.core.anf.cython_functions' extension
      creating /tmp/tmp4is9fwt1.build-temp/sboxU/core/anf
      g++ -fno-strict-overflow -Wsign-compare -DNDEBUG -O2 -Wall -fPIC -O2 -isystem /mnt/sda1/miniconda3/include -fPIC -O2 -isystem /mnt/sda1/miniconda3/include -fPIC -IsboxU/core/anf -IsboxU/core/sbox -IsboxU/core/spectrum -I/mnt/sda1/miniconda3/include/python3.13 -c sboxU/core/anf/cython_functions.cpp -o /tmp/tmp4is9fwt1.build-temp/sboxU/core/anf/cython_functions.o -O3 -march=native -std=c++20 -pthread -Wno-narrowing -w -flto -fopenmp
      creating /tmp/tmp9j0xqhsg.build-lib/sboxU/core/anf
      g++ -fno-strict-overflow -Wsign-compare -DNDEBUG -O2 -Wall -fPIC -O2 -isystem /mnt/sda1/miniconda3/include -fPIC -O2 -isystem /mnt/sda1/miniconda3/include -pthread -B /mnt/sda1/miniconda3/share/python_compiler_compat -shared -Wl,--allow-shlib-undefined -Wl,-rpath,/mnt/sda1/miniconda3/lib -Wl,-rpath-link,/mnt/sda1/miniconda3/lib -L/mnt/sda1/miniconda3/lib -Wl,--allow-shlib-undefined -Wl,-rpath,/mnt/sda1/miniconda3/lib -Wl,-rpath-link,/mnt/sda1/miniconda3/lib -L/mnt/sda1/miniconda3/lib /tmp/tmp4is9fwt1.build-temp/sboxU/core/anf/cython_functions.o -o /tmp/tmp9j0xqhsg.build-lib/sboxU/core/anf/cython_functions.cpython-313-x86_64-linux-gnu.so -fopenmp
      lto-wrapper: warning: using serial compilation of 2 LTRANS jobs
      lto-wrapper: note: see the '-flto' option documentation for more information
      building 'sboxU.core.building_blocks.cython_functions' extension
      creating /tmp/tmp4is9fwt1.build-temp/sboxU/core/building_blocks
      g++ -fno-strict-overflow -Wsign-compare -DNDEBUG -O2 -Wall -fPIC -O2 -isystem /mnt/sda1/miniconda3/include -fPIC -O2 -isystem /mnt/sda1/miniconda3/include -fPIC -IsboxU/core/building_blocks -IsboxU/core/sbox -I/mnt/sda1/miniconda3/include/python3.13 -c sboxU/core/building_blocks/cython_functions.cpp -o /tmp/tmp4is9fwt1.build-temp/sboxU/core/building_blocks/cython_functions.o -O3 -march=native -std=c++20 -pthread -Wno-narrowing -w -flto -fopenmp
      creating /tmp/tmp9j0xqhsg.build-lib/sboxU/core/building_blocks
      g++ -fno-strict-overflow -Wsign-compare -DNDEBUG -O2 -Wall -fPIC -O2 -isystem /mnt/sda1/miniconda3/include -fPIC -O2 -isystem /mnt/sda1/miniconda3/include -pthread -B /mnt/sda1/miniconda3/share/python_compiler_compat -shared -Wl,--allow-shlib-undefined -Wl,-rpath,/mnt/sda1/miniconda3/lib -Wl,-rpath-link,/mnt/sda1/miniconda3/lib -L/mnt/sda1/miniconda3/lib -Wl,--allow-shlib-undefined -Wl,-rpath,/mnt/sda1/miniconda3/lib -Wl,-rpath-link,/mnt/sda1/miniconda3/lib -L/mnt/sda1/miniconda3/lib /tmp/tmp4is9fwt1.build-temp/sboxU/core/building_blocks/cython_functions.o -o /tmp/tmp9j0xqhsg.build-lib/sboxU/core/building_blocks/cython_functions.cpython-313-x86_64-linux-gnu.so -fopenmp
      building 'sboxU.algorithms.cython_functions' extension
      creating /tmp/tmp4is9fwt1.build-temp/sboxU/algorithms
      g++ -fno-strict-overflow -Wsign-compare -DNDEBUG -O2 -Wall -fPIC -O2 -isystem /mnt/sda1/miniconda3/include -fPIC -O2 -isystem /mnt/sda1/miniconda3/include -fPIC -IsboxU/algorithms -IsboxU/core/sbox -IsboxU/core/f2functions -IsboxU/core/anf -IsboxU/core/spectrum -I/mnt/sda1/miniconda3/include/python3.13 -c sboxU/algorithms/cython_functions.cpp -o /tmp/tmp4is9fwt1.build-temp/sboxU/algorithms/cython_functions.o -O3 -march=native -std=c++20 -pthread -Wno-narrowing -w -flto -fopenmp
      creating /tmp/tmp9j0xqhsg.build-lib/sboxU/algorithms
      g++ -fno-strict-overflow -Wsign-compare -DNDEBUG -O2 -Wall -fPIC -O2 -isystem /mnt/sda1/miniconda3/include -fPIC -O2 -isystem /mnt/sda1/miniconda3/include -pthread -B /mnt/sda1/miniconda3/share/python_compiler_compat -shared -Wl,--allow-shlib-undefined -Wl,-rpath,/mnt/sda1/miniconda3/lib -Wl,-rpath-link,/mnt/sda1/miniconda3/lib -L/mnt/sda1/miniconda3/lib -Wl,--allow-shlib-undefined -Wl,-rpath,/mnt/sda1/miniconda3/lib -Wl,-rpath-link,/mnt/sda1/miniconda3/lib -L/mnt/sda1/miniconda3/lib /tmp/tmp4is9fwt1.build-temp/sboxU/algorithms/cython_functions.o -o /tmp/tmp9j0xqhsg.build-lib/sboxU/algorithms/cython_functions.cpython-313-x86_64-linux-gnu.so -fopenmp
      lto-wrapper: warning: using serial compilation of 5 LTRANS jobs
      lto-wrapper: note: see the '-flto' option documentation for more information
      building 'sboxU.statistics.cython_functions' extension
      creating /tmp/tmp4is9fwt1.build-temp/sboxU/statistics
      g++ -fno-strict-overflow -Wsign-compare -DNDEBUG -O2 -Wall -fPIC -O2 -isystem /mnt/sda1/miniconda3/include -fPIC -O2 -isystem /mnt/sda1/miniconda3/include -fPIC -IsboxU/statistics -IsboxU/core/spectrum -IsboxU/core/sbox -IsboxU/core/f2functions -IsboxU/core/anf -I/mnt/sda1/miniconda3/include/python3.13 -c sboxU/statistics/cython_functions.cpp -o /tmp/tmp4is9fwt1.build-temp/sboxU/statistics/cython_functions.o -O3 -march=native -std=c++20 -pthread -Wno-narrowing -w -flto -fopenmp
      creating /tmp/tmp9j0xqhsg.build-lib/sboxU/statistics
      g++ -fno-strict-overflow -Wsign-compare -DNDEBUG -O2 -Wall -fPIC -O2 -isystem /mnt/sda1/miniconda3/include -fPIC -O2 -isystem /mnt/sda1/miniconda3/include -pthread -B /mnt/sda1/miniconda3/share/python_compiler_compat -shared -Wl,--allow-shlib-undefined -Wl,-rpath,/mnt/sda1/miniconda3/lib -Wl,-rpath-link,/mnt/sda1/miniconda3/lib -L/mnt/sda1/miniconda3/lib -Wl,--allow-shlib-undefined -Wl,-rpath,/mnt/sda1/miniconda3/lib -Wl,-rpath-link,/mnt/sda1/miniconda3/lib -L/mnt/sda1/miniconda3/lib /tmp/tmp4is9fwt1.build-temp/sboxU/statistics/cython_functions.o -o /tmp/tmp9j0xqhsg.build-lib/sboxU/statistics/cython_functions.cpython-313-x86_64-linux-gnu.so -fopenmp
      lto-wrapper: warning: using serial compilation of 2 LTRANS jobs
      lto-wrapper: note: see the '-flto' option documentation for more information
      building 'sboxU.ccz.cython_functions' extension
      creating /tmp/tmp4is9fwt1.build-temp/sboxU/ccz
      g++ -fno-strict-overflow -Wsign-compare -DNDEBUG -O2 -Wall -fPIC -O2 -isystem /mnt/sda1/miniconda3/include -fPIC -O2 -isystem /mnt/sda1/miniconda3/include -fPIC -IsboxU/ccz -IsboxU/core/sbox -IsboxU/core/f2functions -IsboxU/core/anf -IsboxU/core/spectrum -IsboxU/algorithms -IsboxU/apn -IsboxU/ccz/affine_equivalence -IsboxU/statistics -I/mnt/sda1/miniconda3/include/python3.13 -c sboxU/ccz/cython_functions.cpp -o /tmp/tmp4is9fwt1.build-temp/sboxU/ccz/cython_functions.o -O3 -march=native -std=c++20 -pthread -Wno-narrowing -w -flto -fopenmp
      In file included from sboxU/ccz/cython_functions.cpp:1275:
      sboxU/core/sbox/../../cpp/ccz/linear_representative.cpp: In instantiation of 'bool subroutine(const ContainerS&, const ContainerSInv&, const tstate_t<set_t, int_type, VecSize>&, std::array<_Tp, _Nm>&, std::array<_Tp, _Nm>&, std::array<_Tp, _Nm>&, u32) [with set_t = std::array<long unsigned int, 1>; int_type = unsigned char; long unsigned int VecSize = 64; ContainerS = std::vector<unsigned char>; ContainerSInv = std::array<unsigned char, 64>; u32 = unsigned int]':
      sboxU/core/sbox/../../cpp/ccz/linear_representative.cpp:1286:41:   required from 'std::array<std::vector<int_type>, 3> compute_linear_representative(const std::vector<int_type>&) [with set_t = std::array<long unsigned int, 1>; int_type = unsigned char; long unsigned int VecSize = 64]'
       1286 |     subroutine<set_t, int_type, VecSize>(sbox, S_inv, state, R_S_best, A_best, B_best, length);
            |     ~~~~~~~~~~~~~~~~~~~~~~~~~~~~~~~~~~~~^~~~~~~~~~~~~~~~~~~~~~~~~~~~~~~~~~~~~~~~~~~~~~~~~~~~~~
      sboxU/core/sbox/../../cpp/ccz/linear_representative.cpp:1319:78:   required from here
       1319 |         auto result = compute_linear_representative<std::array<u64,1>,u8, 64>(ff);
            |                       ~~~~~~~~~~~~~~~~~~~~~~~~~~~~~~~~~~~~~~~~~~~~~~~~~~~~~~~^~~~
      sboxU/core/sbox/../../cpp/ccz/linear_representative.cpp:1099:23: error: no matching function for call to 'is_greater(std::array<unsigned char, 64>&, std::array<unsigned char, 64>&, const u32&)'
       1099 |         if (is_greater(R_S, R_S_best, length))
            |             ~~~~~~~~~~^~~~~~~~~~~~~~~~~~~~~~~
      sboxU/core/sbox/../../cpp/ccz/linear_representative.cpp:1099:23: note: there is 1 candidate
      sboxU/core/sbox/../../cpp/ccz/linear_representative.cpp:961:6: note: candidate 1: 'template<class Container, class int_type> bool is_greater(const Container&, const Container&, u32)'
        961 | bool is_greater(const Container& R_S, const Container& R_S_best, const u32 length)
            |      ^~~~~~~~~~
      sboxU/core/sbox/../../cpp/ccz/linear_representative.cpp:961:6: note: template argument deduction/substitution failed:
      sboxU/core/sbox/../../cpp/ccz/linear_representative.cpp:1099:23: note:   couldn't deduce template parameter 'int_type'
       1099 |         if (is_greater(R_S, R_S_best, length))
            |             ~~~~~~~~~~^~~~~~~~~~~~~~~~~~~~~~~
      sboxU/core/sbox/../../cpp/ccz/linear_representative.cpp:1174:27: error: no matching function for call to 'is_greater(std::array<unsigned char, 64>&, std::array<unsigned char, 64>&, const u32&)'
       1174 |             if (is_greater(R_S, R_S_best, length))
            |                 ~~~~~~~~~~^~~~~~~~~~~~~~~~~~~~~~~
      sboxU/core/sbox/../../cpp/ccz/linear_representative.cpp:1174:27: note: there is 1 candidate
      sboxU/core/sbox/../../cpp/ccz/linear_representative.cpp:961:6: note: candidate 1: 'template<class Container, class int_type> bool is_greater(const Container&, const Container&, u32)'
        961 | bool is_greater(const Container& R_S, const Container& R_S_best, const u32 length)
            |      ^~~~~~~~~~
      sboxU/core/sbox/../../cpp/ccz/linear_representative.cpp:961:6: note: template argument deduction/substitution failed:
      sboxU/core/sbox/../../cpp/ccz/linear_representative.cpp:1174:27: note:   couldn't deduce template parameter 'int_type'
       1174 |             if (is_greater(R_S, R_S_best, length))
            |                 ~~~~~~~~~~^~~~~~~~~~~~~~~~~~~~~~~
      sboxU/core/sbox/../../cpp/ccz/linear_representative.cpp: In instantiation of 'bool subroutine(const ContainerS&, const ContainerSInv&, const tstate_t<set_t, int_type, VecSize>&, std::array<_Tp, _Nm>&, std::array<_Tp, _Nm>&, std::array<_Tp, _Nm>&, u32) [with set_t = std::array<long unsigned int, 2>; int_type = unsigned char; long unsigned int VecSize = 128; ContainerS = std::vector<unsigned char>; ContainerSInv = std::array<unsigned char, 128>; u32 = unsigned int]':
      sboxU/core/sbox/../../cpp/ccz/linear_representative.cpp:1286:41:   required from 'std::array<std::vector<int_type>, 3> compute_linear_representative(const std::vector<int_type>&) [with set_t = std::array<long unsigned int, 2>; int_type = unsigned char; long unsigned int VecSize = 128]'
       1286 |     subroutine<set_t, int_type, VecSize>(sbox, S_inv, state, R_S_best, A_best, B_best, length);
            |     ~~~~~~~~~~~~~~~~~~~~~~~~~~~~~~~~~~~~^~~~~~~~~~~~~~~~~~~~~~~~~~~~~~~~~~~~~~~~~~~~~~~~~~~~~~
      sboxU/core/sbox/../../cpp/ccz/linear_representative.cpp:1322:79:   required from here
       1322 |              result = compute_linear_representative<std::array<u64,2>,u8, 128>(ff); // Could be faster with AVX/NEON/u128
            |                       ~~~~~~~~~~~~~~~~~~~~~~~~~~~~~~~~~~~~~~~~~~~~~~~~~~~~~~~~^~~~
      sboxU/core/sbox/../../cpp/ccz/linear_representative.cpp:1099:23: error: no matching function for call to 'is_greater(std::array<unsigned char, 128>&, std::array<unsigned char, 128>&, const u32&)'
       1099 |         if (is_greater(R_S, R_S_best, length))
            |             ~~~~~~~~~~^~~~~~~~~~~~~~~~~~~~~~~
      sboxU/core/sbox/../../cpp/ccz/linear_representative.cpp:1099:23: note: there is 1 candidate
      sboxU/core/sbox/../../cpp/ccz/linear_representative.cpp:961:6: note: candidate 1: 'template<class Container, class int_type> bool is_greater(const Container&, const Container&, u32)'
        961 | bool is_greater(const Container& R_S, const Container& R_S_best, const u32 length)
            |      ^~~~~~~~~~
      sboxU/core/sbox/../../cpp/ccz/linear_representative.cpp:961:6: note: template argument deduction/substitution failed:
      sboxU/core/sbox/../../cpp/ccz/linear_representative.cpp:1099:23: note:   couldn't deduce template parameter 'int_type'
       1099 |         if (is_greater(R_S, R_S_best, length))
            |             ~~~~~~~~~~^~~~~~~~~~~~~~~~~~~~~~~
      sboxU/core/sbox/../../cpp/ccz/linear_representative.cpp:1174:27: error: no matching function for call to 'is_greater(std::array<unsigned char, 128>&, std::array<unsigned char, 128>&, const u32&)'
       1174 |             if (is_greater(R_S, R_S_best, length))
            |                 ~~~~~~~~~~^~~~~~~~~~~~~~~~~~~~~~~
      sboxU/core/sbox/../../cpp/ccz/linear_representative.cpp:1174:27: note: there is 1 candidate
      sboxU/core/sbox/../../cpp/ccz/linear_representative.cpp:961:6: note: candidate 1: 'template<class Container, class int_type> bool is_greater(const Container&, const Container&, u32)'
        961 | bool is_greater(const Container& R_S, const Container& R_S_best, const u32 length)
            |      ^~~~~~~~~~
      sboxU/core/sbox/../../cpp/ccz/linear_representative.cpp:961:6: note: template argument deduction/substitution failed:
      sboxU/core/sbox/../../cpp/ccz/linear_representative.cpp:1174:27: note:   couldn't deduce template parameter 'int_type'
       1174 |             if (is_greater(R_S, R_S_best, length))
            |                 ~~~~~~~~~~^~~~~~~~~~~~~~~~~~~~~~~
      sboxU/core/sbox/../../cpp/ccz/linear_representative.cpp: In instantiation of 'bool subroutine(const ContainerS&, const ContainerSInv&, const tstate_t<set_t, int_type, VecSize>&, std::array<_Tp, _Nm>&, std::array<_Tp, _Nm>&, std::array<_Tp, _Nm>&, u32) [with set_t = __vector(4) long long int; int_type = unsigned char; long unsigned int VecSize = 256; ContainerS = std::vector<unsigned char>; ContainerSInv = std::array<unsigned char, 256>; u32 = unsigned int]':
      sboxU/core/sbox/../../cpp/ccz/linear_representative.cpp:1286:41:   required from 'std::array<std::vector<int_type>, 3> compute_linear_representative(const std::vector<int_type>&) [with set_t = __vector(4) long long int; int_type = unsigned char; long unsigned int VecSize = 256]'
       1286 |     subroutine<set_t, int_type, VecSize>(sbox, S_inv, state, R_S_best, A_best, B_best, length);
            |     ~~~~~~~~~~~~~~~~~~~~~~~~~~~~~~~~~~~~^~~~~~~~~~~~~~~~~~~~~~~~~~~~~~~~~~~~~~~~~~~~~~~~~~~~~~
      sboxU/core/sbox/../../cpp/ccz/linear_representative.cpp:1326:71:   required from here
       1326 |              result = compute_linear_representative<fastset_t,u8, 256>(ff);
            |                       ~~~~~~~~~~~~~~~~~~~~~~~~~~~~~~~~~~~~~~~~~~~~~~~~^~~~
      sboxU/core/sbox/../../cpp/ccz/linear_representative.cpp:1099:23: error: no matching function for call to 'is_greater(std::array<unsigned char, 256>&, std::array<unsigned char, 256>&, const u32&)'
       1099 |         if (is_greater(R_S, R_S_best, length))
            |             ~~~~~~~~~~^~~~~~~~~~~~~~~~~~~~~~~
      sboxU/core/sbox/../../cpp/ccz/linear_representative.cpp:1099:23: note: there is 1 candidate
      sboxU/core/sbox/../../cpp/ccz/linear_representative.cpp:961:6: note: candidate 1: 'template<class Container, class int_type> bool is_greater(const Container&, const Container&, u32)'
        961 | bool is_greater(const Container& R_S, const Container& R_S_best, const u32 length)
            |      ^~~~~~~~~~
      sboxU/core/sbox/../../cpp/ccz/linear_representative.cpp:961:6: note: template argument deduction/substitution failed:
      sboxU/core/sbox/../../cpp/ccz/linear_representative.cpp:1099:23: note:   couldn't deduce template parameter 'int_type'
       1099 |         if (is_greater(R_S, R_S_best, length))
            |             ~~~~~~~~~~^~~~~~~~~~~~~~~~~~~~~~~
      sboxU/core/sbox/../../cpp/ccz/linear_representative.cpp:1174:27: error: no matching function for call to 'is_greater(std::array<unsigned char, 256>&, std::array<unsigned char, 256>&, const u32&)'
       1174 |             if (is_greater(R_S, R_S_best, length))
            |                 ~~~~~~~~~~^~~~~~~~~~~~~~~~~~~~~~~
      sboxU/core/sbox/../../cpp/ccz/linear_representative.cpp:1174:27: note: there is 1 candidate
      sboxU/core/sbox/../../cpp/ccz/linear_representative.cpp:961:6: note: candidate 1: 'template<class Container, class int_type> bool is_greater(const Container&, const Container&, u32)'
        961 | bool is_greater(const Container& R_S, const Container& R_S_best, const u32 length)
            |      ^~~~~~~~~~
      sboxU/core/sbox/../../cpp/ccz/linear_representative.cpp:961:6: note: template argument deduction/substitution failed:
      sboxU/core/sbox/../../cpp/ccz/linear_representative.cpp:1174:27: note:   couldn't deduce template parameter 'int_type'
       1174 |             if (is_greater(R_S, R_S_best, length))
            |                 ~~~~~~~~~~^~~~~~~~~~~~~~~~~~~~~~~
      sboxU/core/sbox/../../cpp/ccz/linear_representative.cpp: In instantiation of 'bool subroutine(const ContainerS&, const ContainerSInv&, const tstate_t<set_t, int_type, VecSize>&, std::array<_Tp, _Nm>&, std::array<_Tp, _Nm>&, std::array<_Tp, _Nm>&, u32) [with set_t = std::array<long unsigned int, 8>; int_type = long unsigned int; long unsigned int VecSize = 512; ContainerS = std::vector<long unsigned int>; ContainerSInv = std::array<long unsigned int, 512>; u32 = unsigned int]':
      sboxU/core/sbox/../../cpp/ccz/linear_representative.cpp:1286:41:   required from 'std::array<std::vector<int_type>, 3> compute_linear_representative(const std::vector<int_type>&) [with set_t = std::array<long unsigned int, 8>; int_type = long unsigned int; long unsigned int VecSize = 512]'
       1286 |     subroutine<set_t, int_type, VecSize>(sbox, S_inv, state, R_S_best, A_best, B_best, length);
            |     ~~~~~~~~~~~~~~~~~~~~~~~~~~~~~~~~~~~~^~~~~~~~~~~~~~~~~~~~~~~~~~~~~~~~~~~~~~~~~~~~~~~~~~~~~~
      sboxU/core/sbox/../../cpp/ccz/linear_representative.cpp:1350:76:   required from here
       1350 |          result = compute_linear_representative<std::array<u64,8>,u64, 512>(ff); // Could be faster with AVX512
            |                   ~~~~~~~~~~~~~~~~~~~~~~~~~~~~~~~~~~~~~~~~~~~~~~~~~~~~~~~~~^~~~
      sboxU/core/sbox/../../cpp/ccz/linear_representative.cpp:1099:23: error: no matching function for call to 'is_greater(std::array<long unsigned int, 512>&, std::array<long unsigned int, 512>&, const u32&)'
       1099 |         if (is_greater(R_S, R_S_best, length))
            |             ~~~~~~~~~~^~~~~~~~~~~~~~~~~~~~~~~
      sboxU/core/sbox/../../cpp/ccz/linear_representative.cpp:1099:23: note: there is 1 candidate
      sboxU/core/sbox/../../cpp/ccz/linear_representative.cpp:961:6: note: candidate 1: 'template<class Container, class int_type> bool is_greater(const Container&, const Container&, u32)'
        961 | bool is_greater(const Container& R_S, const Container& R_S_best, const u32 length)
            |      ^~~~~~~~~~
      sboxU/core/sbox/../../cpp/ccz/linear_representative.cpp:961:6: note: template argument deduction/substitution failed:
      sboxU/core/sbox/../../cpp/ccz/linear_representative.cpp:1099:23: note:   couldn't deduce template parameter 'int_type'
       1099 |         if (is_greater(R_S, R_S_best, length))
            |             ~~~~~~~~~~^~~~~~~~~~~~~~~~~~~~~~~
      sboxU/core/sbox/../../cpp/ccz/linear_representative.cpp:1174:27: error: no matching function for call to 'is_greater(std::array<long unsigned int, 512>&, std::array<long unsigned int, 512>&, const u32&)'
       1174 |             if (is_greater(R_S, R_S_best, length))
            |                 ~~~~~~~~~~^~~~~~~~~~~~~~~~~~~~~~~
      sboxU/core/sbox/../../cpp/ccz/linear_representative.cpp:1174:27: note: there is 1 candidate
      sboxU/core/sbox/../../cpp/ccz/linear_representative.cpp:961:6: note: candidate 1: 'template<class Container, class int_type> bool is_greater(const Container&, const Container&, u32)'
        961 | bool is_greater(const Container& R_S, const Container& R_S_best, const u32 length)
            |      ^~~~~~~~~~
      sboxU/core/sbox/../../cpp/ccz/linear_representative.cpp:961:6: note: template argument deduction/substitution failed:
      sboxU/core/sbox/../../cpp/ccz/linear_representative.cpp:1174:27: note:   couldn't deduce template parameter 'int_type'
       1174 |             if (is_greater(R_S, R_S_best, length))
            |                 ~~~~~~~~~~^~~~~~~~~~~~~~~~~~~~~~~
      sboxU/core/sbox/../../cpp/ccz/linear_representative.cpp: In instantiation of 'bool subroutine(const ContainerS&, const ContainerSInv&, const tstate_t<set_t, int_type, VecSize>&, std::array<_Tp, _Nm>&, std::array<_Tp, _Nm>&, std::array<_Tp, _Nm>&, u32) [with set_t = std::array<long unsigned int, 16>; int_type = long unsigned int; long unsigned int VecSize = 1024; ContainerS = std::vector<long unsigned int>; ContainerSInv = std::array<long unsigned int, 1024>; u32 = unsigned int]':
      sboxU/core/sbox/../../cpp/ccz/linear_representative.cpp:1286:41:   required from 'std::array<std::vector<int_type>, 3> compute_linear_representative(const std::vector<int_type>&) [with set_t = std::array<long unsigned int, 16>; int_type = long unsigned int; long unsigned int VecSize = 1024]'
       1286 |     subroutine<set_t, int_type, VecSize>(sbox, S_inv, state, R_S_best, A_best, B_best, length);
            |     ~~~~~~~~~~~~~~~~~~~~~~~~~~~~~~~~~~~~^~~~~~~~~~~~~~~~~~~~~~~~~~~~~~~~~~~~~~~~~~~~~~~~~~~~~~
      sboxU/core/sbox/../../cpp/ccz/linear_representative.cpp:1352:78:   required from here
       1352 |          result = compute_linear_representative<std::array<u64,16>,u64, 1024>(ff);
            |                   ~~~~~~~~~~~~~~~~~~~~~~~~~~~~~~~~~~~~~~~~~~~~~~~~~~~~~~~~~~~^~~~
      sboxU/core/sbox/../../cpp/ccz/linear_representative.cpp:1099:23: error: no matching function for call to 'is_greater(std::array<long unsigned int, 1024>&, std::array<long unsigned int, 1024>&, const u32&)'
       1099 |         if (is_greater(R_S, R_S_best, length))
            |             ~~~~~~~~~~^~~~~~~~~~~~~~~~~~~~~~~
      sboxU/core/sbox/../../cpp/ccz/linear_representative.cpp:1099:23: note: there is 1 candidate
      sboxU/core/sbox/../../cpp/ccz/linear_representative.cpp:961:6: note: candidate 1: 'template<class Container, class int_type> bool is_greater(const Container&, const Container&, u32)'
        961 | bool is_greater(const Container& R_S, const Container& R_S_best, const u32 length)
            |      ^~~~~~~~~~
      sboxU/core/sbox/../../cpp/ccz/linear_representative.cpp:961:6: note: template argument deduction/substitution failed:
      sboxU/core/sbox/../../cpp/ccz/linear_representative.cpp:1099:23: note:   couldn't deduce template parameter 'int_type'
       1099 |         if (is_greater(R_S, R_S_best, length))
            |             ~~~~~~~~~~^~~~~~~~~~~~~~~~~~~~~~~
      sboxU/core/sbox/../../cpp/ccz/linear_representative.cpp:1174:27: error: no matching function for call to 'is_greater(std::array<long unsigned int, 1024>&, std::array<long unsigned int, 1024>&, const u32&)'
       1174 |             if (is_greater(R_S, R_S_best, length))
            |                 ~~~~~~~~~~^~~~~~~~~~~~~~~~~~~~~~~
      sboxU/core/sbox/../../cpp/ccz/linear_representative.cpp:1174:27: note: there is 1 candidate
      sboxU/core/sbox/../../cpp/ccz/linear_representative.cpp:961:6: note: candidate 1: 'template<class Container, class int_type> bool is_greater(const Container&, const Container&, u32)'
        961 | bool is_greater(const Container& R_S, const Container& R_S_best, const u32 length)
            |      ^~~~~~~~~~
      sboxU/core/sbox/../../cpp/ccz/linear_representative.cpp:961:6: note: template argument deduction/substitution failed:
      sboxU/core/sbox/../../cpp/ccz/linear_representative.cpp:1174:27: note:   couldn't deduce template parameter 'int_type'
       1174 |             if (is_greater(R_S, R_S_best, length))
            |                 ~~~~~~~~~~^~~~~~~~~~~~~~~~~~~~~~~
      sboxU/core/sbox/../../cpp/ccz/linear_representative.cpp: In instantiation of 'bool subroutine(const ContainerS&, const ContainerSInv&, const tstate_t<set_t, int_type, VecSize>&, std::array<_Tp, _Nm>&, std::array<_Tp, _Nm>&, std::array<_Tp, _Nm>&, u32) [with set_t = std::array<long unsigned int, 32>; int_type = long unsigned int; long unsigned int VecSize = 2048; ContainerS = std::vector<long unsigned int>; ContainerSInv = std::array<long unsigned int, 2048>; u32 = unsigned int]':
      sboxU/core/sbox/../../cpp/ccz/linear_representative.cpp:1286:41:   required from 'std::array<std::vector<int_type>, 3> compute_linear_representative(const std::vector<int_type>&) [with set_t = std::array<long unsigned int, 32>; int_type = long unsigned int; long unsigned int VecSize = 2048]'
       1286 |     subroutine<set_t, int_type, VecSize>(sbox, S_inv, state, R_S_best, A_best, B_best, length);
            |     ~~~~~~~~~~~~~~~~~~~~~~~~~~~~~~~~~~~~^~~~~~~~~~~~~~~~~~~~~~~~~~~~~~~~~~~~~~~~~~~~~~~~~~~~~~
      sboxU/core/sbox/../../cpp/ccz/linear_representative.cpp:1354:77:   required from here
       1354 |          result= compute_linear_representative<std::array<u64,32>,u64, 2048>(ff);
            |                  ~~~~~~~~~~~~~~~~~~~~~~~~~~~~~~~~~~~~~~~~~~~~~~~~~~~~~~~~~~~^~~~
      sboxU/core/sbox/../../cpp/ccz/linear_representative.cpp:1099:23: error: no matching function for call to 'is_greater(std::array<long unsigned int, 2048>&, std::array<long unsigned int, 2048>&, const u32&)'
       1099 |         if (is_greater(R_S, R_S_best, length))
            |             ~~~~~~~~~~^~~~~~~~~~~~~~~~~~~~~~~
      sboxU/core/sbox/../../cpp/ccz/linear_representative.cpp:1099:23: note: there is 1 candidate
      sboxU/core/sbox/../../cpp/ccz/linear_representative.cpp:961:6: note: candidate 1: 'template<class Container, class int_type> bool is_greater(const Container&, const Container&, u32)'
        961 | bool is_greater(const Container& R_S, const Container& R_S_best, const u32 length)
            |      ^~~~~~~~~~
      sboxU/core/sbox/../../cpp/ccz/linear_representative.cpp:961:6: note: template argument deduction/substitution failed:
      sboxU/core/sbox/../../cpp/ccz/linear_representative.cpp:1099:23: note:   couldn't deduce template parameter 'int_type'
       1099 |         if (is_greater(R_S, R_S_best, length))
            |             ~~~~~~~~~~^~~~~~~~~~~~~~~~~~~~~~~
      sboxU/core/sbox/../../cpp/ccz/linear_representative.cpp:1174:27: error: no matching function for call to 'is_greater(std::array<long unsigned int, 2048>&, std::array<long unsigned int, 2048>&, const u32&)'
       1174 |             if (is_greater(R_S, R_S_best, length))
            |                 ~~~~~~~~~~^~~~~~~~~~~~~~~~~~~~~~~
      sboxU/core/sbox/../../cpp/ccz/linear_representative.cpp:1174:27: note: there is 1 candidate
      sboxU/core/sbox/../../cpp/ccz/linear_representative.cpp:961:6: note: candidate 1: 'template<class Container, class int_type> bool is_greater(const Container&, const Container&, u32)'
        961 | bool is_greater(const Container& R_S, const Container& R_S_best, const u32 length)
            |      ^~~~~~~~~~
      sboxU/core/sbox/../../cpp/ccz/linear_representative.cpp:961:6: note: template argument deduction/substitution failed:
      sboxU/core/sbox/../../cpp/ccz/linear_representative.cpp:1174:27: note:   couldn't deduce template parameter 'int_type'
       1174 |             if (is_greater(R_S, R_S_best, length))
            |                 ~~~~~~~~~~^~~~~~~~~~~~~~~~~~~~~~~
      sboxU/core/sbox/../../cpp/ccz/linear_representative.cpp: In instantiation of 'bool subroutine(const ContainerS&, const ContainerSInv&, const tstate_t<set_t, int_type, VecSize>&, std::array<_Tp, _Nm>&, std::array<_Tp, _Nm>&, std::array<_Tp, _Nm>&, u32) [with set_t = std::array<long unsigned int, 64>; int_type = long unsigned int; long unsigned int VecSize = 4096; ContainerS = std::vector<long unsigned int>; ContainerSInv = std::array<long unsigned int, 4096>; u32 = unsigned int]':
      sboxU/core/sbox/../../cpp/ccz/linear_representative.cpp:1286:41:   required from 'std::array<std::vector<int_type>, 3> compute_linear_representative(const std::vector<int_type>&) [with set_t = std::array<long unsigned int, 64>; int_type = long unsigned int; long unsigned int VecSize = 4096]'
       1286 |     subroutine<set_t, int_type, VecSize>(sbox, S_inv, state, R_S_best, A_best, B_best, length);
            |     ~~~~~~~~~~~~~~~~~~~~~~~~~~~~~~~~~~~~^~~~~~~~~~~~~~~~~~~~~~~~~~~~~~~~~~~~~~~~~~~~~~~~~~~~~~
      sboxU/core/sbox/../../cpp/ccz/linear_representative.cpp:1356:78:   required from here
       1356 |          result = compute_linear_representative<std::array<u64,64>,u64, 4096>(ff);
            |                   ~~~~~~~~~~~~~~~~~~~~~~~~~~~~~~~~~~~~~~~~~~~~~~~~~~~~~~~~~~~^~~~
      sboxU/core/sbox/../../cpp/ccz/linear_representative.cpp:1099:23: error: no matching function for call to 'is_greater(std::array<long unsigned int, 4096>&, std::array<long unsigned int, 4096>&, const u32&)'
       1099 |         if (is_greater(R_S, R_S_best, length))
            |             ~~~~~~~~~~^~~~~~~~~~~~~~~~~~~~~~~
      sboxU/core/sbox/../../cpp/ccz/linear_representative.cpp:1099:23: note: there is 1 candidate
      sboxU/core/sbox/../../cpp/ccz/linear_representative.cpp:961:6: note: candidate 1: 'template<class Container, class int_type> bool is_greater(const Container&, const Container&, u32)'
        961 | bool is_greater(const Container& R_S, const Container& R_S_best, const u32 length)
            |      ^~~~~~~~~~
      sboxU/core/sbox/../../cpp/ccz/linear_representative.cpp:961:6: note: template argument deduction/substitution failed:
      sboxU/core/sbox/../../cpp/ccz/linear_representative.cpp:1099:23: note:   couldn't deduce template parameter 'int_type'
       1099 |         if (is_greater(R_S, R_S_best, length))
            |             ~~~~~~~~~~^~~~~~~~~~~~~~~~~~~~~~~
      sboxU/core/sbox/../../cpp/ccz/linear_representative.cpp:1174:27: error: no matching function for call to 'is_greater(std::array<long unsigned int, 4096>&, std::array<long unsigned int, 4096>&, const u32&)'
       1174 |             if (is_greater(R_S, R_S_best, length))
            |                 ~~~~~~~~~~^~~~~~~~~~~~~~~~~~~~~~~
      sboxU/core/sbox/../../cpp/ccz/linear_representative.cpp:1174:27: note: there is 1 candidate
      sboxU/core/sbox/../../cpp/ccz/linear_representative.cpp:961:6: note: candidate 1: 'template<class Container, class int_type> bool is_greater(const Container&, const Container&, u32)'
        961 | bool is_greater(const Container& R_S, const Container& R_S_best, const u32 length)
            |      ^~~~~~~~~~
      sboxU/core/sbox/../../cpp/ccz/linear_representative.cpp:961:6: note: template argument deduction/substitution failed:
      sboxU/core/sbox/../../cpp/ccz/linear_representative.cpp:1174:27: note:   couldn't deduce template parameter 'int_type'
       1174 |             if (is_greater(R_S, R_S_best, length))
            |                 ~~~~~~~~~~^~~~~~~~~~~~~~~~~~~~~~~
      sboxU/core/sbox/../../cpp/ccz/linear_representative.cpp: In instantiation of 'bool subroutine(const ContainerS&, const ContainerSInv&, const tstate_t<set_t, int_type, VecSize>&, std::array<_Tp, _Nm>&, std::array<_Tp, _Nm>&, std::array<_Tp, _Nm>&, u32) [with set_t = std::vector<long unsigned int>; int_type = long unsigned int; long unsigned int VecSize = 4096; ContainerS = std::vector<long unsigned int>; ContainerSInv = std::array<long unsigned int, 4096>; u32 = unsigned int]':
      sboxU/core/sbox/../../cpp/ccz/linear_representative.cpp:1286:41:   required from 'std::array<std::vector<int_type>, 3> compute_linear_representative(const std::vector<int_type>&) [with set_t = std::vector<long unsigned int>; int_type = long unsigned int; long unsigned int VecSize = 4096]'
       1286 |     subroutine<set_t, int_type, VecSize>(sbox, S_inv, state, R_S_best, A_best, B_best, length);
            |     ~~~~~~~~~~~~~~~~~~~~~~~~~~~~~~~~~~~~^~~~~~~~~~~~~~~~~~~~~~~~~~~~~~~~~~~~~~~~~~~~~~~~~~~~~~
      sboxU/core/sbox/../../cpp/ccz/linear_representative.cpp:1359:77:   required from here
       1359 |          result = compute_linear_representative<std::vector<u64>, u64, 4096>(ff);
            |                   ~~~~~~~~~~~~~~~~~~~~~~~~~~~~~~~~~~~~~~~~~~~~~~~~~~~~~~~~~~^~~~
      sboxU/core/sbox/../../cpp/ccz/linear_representative.cpp:1099:23: error: no matching function for call to 'is_greater(std::array<long unsigned int, 4096>&, std::array<long unsigned int, 4096>&, const u32&)'
       1099 |         if (is_greater(R_S, R_S_best, length))
            |             ~~~~~~~~~~^~~~~~~~~~~~~~~~~~~~~~~
      sboxU/core/sbox/../../cpp/ccz/linear_representative.cpp:1099:23: note: there is 1 candidate
      sboxU/core/sbox/../../cpp/ccz/linear_representative.cpp:961:6: note: candidate 1: 'template<class Container, class int_type> bool is_greater(const Container&, const Container&, u32)'
        961 | bool is_greater(const Container& R_S, const Container& R_S_best, const u32 length)
            |      ^~~~~~~~~~
      sboxU/core/sbox/../../cpp/ccz/linear_representative.cpp:961:6: note: template argument deduction/substitution failed:
      sboxU/core/sbox/../../cpp/ccz/linear_representative.cpp:1099:23: note:   couldn't deduce template parameter 'int_type'
       1099 |         if (is_greater(R_S, R_S_best, length))
            |             ~~~~~~~~~~^~~~~~~~~~~~~~~~~~~~~~~
      sboxU/core/sbox/../../cpp/ccz/linear_representative.cpp:1174:27: error: no matching function for call to 'is_greater(std::array<long unsigned int, 4096>&, std::array<long unsigned int, 4096>&, const u32&)'
       1174 |             if (is_greater(R_S, R_S_best, length))
            |                 ~~~~~~~~~~^~~~~~~~~~~~~~~~~~~~~~~
      sboxU/core/sbox/../../cpp/ccz/linear_representative.cpp:1174:27: note: there is 1 candidate
      sboxU/core/sbox/../../cpp/ccz/linear_representative.cpp:961:6: note: candidate 1: 'template<class Container, class int_type> bool is_greater(const Container&, const Container&, u32)'
        961 | bool is_greater(const Container& R_S, const Container& R_S_best, const u32 length)
            |      ^~~~~~~~~~
      sboxU/core/sbox/../../cpp/ccz/linear_representative.cpp:961:6: note: template argument deduction/substitution failed:
      sboxU/core/sbox/../../cpp/ccz/linear_representative.cpp:1174:27: note:   couldn't deduce template parameter 'int_type'
       1174 |             if (is_greater(R_S, R_S_best, length))
            |                 ~~~~~~~~~~^~~~~~~~~~~~~~~~~~~~~~~
      error: command '/mnt/sda1/miniconda3/bin/g++' failed with exit code 1
      [end of output]
  
  note: This error originates from a subprocess, and is likely not a problem with pip.
  ERROR: Failed building editable for sboxU
Failed to build sboxU
error: failed-wheel-build-for-install

× Failed to build installable wheels for some pyproject.toml based projects
╰─> sboxU
