Preparing data...
Running 3 benchmarks x 3 runs.

  aes_self run 1/3: 123.2ms
  aes_self run 2/3: 95.7ms
  aes_self run 3/3: 55.9ms
  -> aes_self median: 95680 us

  random_self run 1/3: 5.9ms
  random_self run 2/3: 6.1ms
  random_self run 3/3: 13.2ms
  -> random_self median: 6067 us

  random_nonequiv run 1/3: 0.7ms
  random_nonequiv run 2/3: 2.7ms
  random_nonequiv run 3/3: 3.3ms
  -> random_nonequiv median: 2654 us


=== CORRECTNESS ===
  aes_self: PASS
  random_self: PASS
  random_nonequiv: PASS

---
total_time_ms:          104.401
aes_self_ms                   95.680
random_self_ms                6.067
random_nonequiv_ms            2.654
correctness:              PASS
