Preparing data...
Traceback (most recent call last):
  File "/home/gleb/sboxU/benchmark.py", line 243, in <module>
    results, total, ok = run_all(verify=verify, save_baseline=save)
                         ~~~~~~~^^^^^^^^^^^^^^^^^^^^^^^^^^^^^^^^^^^
  File "/home/gleb/sboxU/benchmark.py", line 165, in run_all
    data = prepare_data()
  File "/home/gleb/sboxU/benchmark.py", line 124, in prepare_data
    affine_equivalence, get_sbox = _import_sboxu()
                                   ~~~~~~~~~~~~~^^
  File "/home/gleb/sboxU/benchmark.py", line 47, in _import_sboxu
    from sboxU.ccz import affine_equivalence
  File "/home/gleb/sboxU/sboxU/__init__.py", line 11, in <module>
    from sboxU.core import *
  File "/home/gleb/sboxU/sboxU/core/__init__.py", line 6, in <module>
    from sboxU.core.sbox import *
  File "/home/gleb/sboxU/sboxU/core/sbox/__init__.py", line 9, in <module>
    from sboxU.core.sbox.cython_functions import \
    ...<2 lines>...
        F2_trans, identity_S_box
ImportError: /home/gleb/sboxU/sboxU/core/sbox/cython_functions.cpython-313-x86_64-linux-gnu.so: file too short
